#-----------------------------------------------------------
# Vivado v2016.4 (64-bit)
# SW Build 1733598 on Wed Dec 14 22:35:39 MST 2016
# IP Build 1731160 on Wed Dec 14 23:47:21 MST 2016
# Start of session at: Wed Nov 29 00:37:04 2017
# Process ID: 10952
# Current directory: E:/Workspace/Vivado_16.4/2017_11_5_FFT
# Command line: vivado.exe -gui_launcher_event rodinguilauncherevent7888 E:\Workspace\Vivado_16.4\2017_11_5_FFT\FFT.xpr
# Log file: E:/Workspace/Vivado_16.4/2017_11_5_FFT/vivado.log
# Journal file: E:/Workspace/Vivado_16.4/2017_11_5_FFT\vivado.jou
#-----------------------------------------------------------
start_gui
open_project E:/Workspace/Vivado_16.4/2017_11_5_FFT/FFT.xpr
launch_simulation
source tb_TOP.tcl
restart
add_wave {{/tb_TOP/TOP_inst0/test_wave_inst1/data_out}} 
add_wave {{/tb_TOP/TOP_inst0/FFT_Control_inst2/s_axis_data_tdata}} 
add_wave {{/tb_TOP/TOP_inst0/FFT_Control_inst2/data_out_re}} 
add_wave {{/tb_TOP/TOP_inst0/FFT_Control_inst2/m_axis_data_tuser}} 
add_wave {{/tb_TOP/TOP_inst0/FFT_Control_inst2/m_axis_data_tdata}} 
add_wave {{/tb_TOP/TOP_inst0/FIFO_Control_inst3/wr_clk}} {{/tb_TOP/TOP_inst0/FIFO_Control_inst3/rd_clk}} {{/tb_TOP/TOP_inst0/FIFO_Control_inst3/data_valid}} {{/tb_TOP/TOP_inst0/FIFO_Control_inst3/rx_ready}} {{/tb_TOP/TOP_inst0/FIFO_Control_inst3/data_re}} {{/tb_TOP/TOP_inst0/FIFO_Control_inst3/tx_ready}} {{/tb_TOP/TOP_inst0/FIFO_Control_inst3/uart_en}} {{/tb_TOP/TOP_inst0/FIFO_Control_inst3/data_out}} {{/tb_TOP/TOP_inst0/FIFO_Control_inst3/current_state}} {{/tb_TOP/TOP_inst0/FIFO_Control_inst3/next_state}} {{/tb_TOP/TOP_inst0/FIFO_Control_inst3/wr_en}} {{/tb_TOP/TOP_inst0/FIFO_Control_inst3/rd_en}} 
add_wave {{/tb_TOP/TOP_inst0/FIFO_Control_inst3/rd_data_count}} {{/tb_TOP/TOP_inst0/FIFO_Control_inst3/wr_data_count}} 
add_wave {{/tb_TOP/TOP_inst0/uart_tx_inst5/data}} {{/tb_TOP/TOP_inst0/uart_tx_inst5/uart_en}} {{/tb_TOP/TOP_inst0/uart_tx_inst5/rd_clk}} {{/tb_TOP/TOP_inst0/uart_tx_inst5/tx}} {{/tb_TOP/TOP_inst0/uart_tx_inst5/clk_bps}} {{/tb_TOP/TOP_inst0/uart_tx_inst5/uart_tx}} {{/tb_TOP/TOP_inst0/uart_tx_inst5/num}} {{/tb_TOP/TOP_inst0/uart_tx_inst5/tx_data}} {{/tb_TOP/TOP_inst0/uart_tx_inst5/flag_nege}} {{/tb_TOP/TOP_inst0/uart_tx_inst5/num_r}} 
run 1 ms
restart
run 1 ms
add_force {/tb_TOP/TOP_inst0/FIFO_Control_inst3/rx_ready} -radix hex {1 0ns}
run 1 ms
run all
restart
close_sim
launch_runs impl_1 -jobs 4
wait_on_run impl_1
open_hw
connect_hw_server
open_hw_target
current_hw_device [lindex [get_hw_devices xc7a35t_0] 0]
refresh_hw_device [lindex [get_hw_devices xc7a35t_0] 0]
create_hw_cfgmem -hw_device [lindex [get_hw_devices] 0] -mem_dev [lindex [get_cfgmem_parts {n25q64-3.3v-spi-x1_x2_x4}] 0]
delete_hw_cfgmem [ get_property PROGRAM.HW_CFGMEM [lindex [get_hw_devices] 0 ]]
reset_run impl_1
launch_runs impl_1 -jobs 4
wait_on_run impl_1
open_run synth_1 -name synth_1
delete_debug_core [get_debug_cores {u_ila_0 }]
delete_debug_core [get_debug_cores {u_ila_1 }]
save_constraints
reset_run synth_1
launch_runs synth_1 -jobs 4
wait_on_run synth_1
close_design
launch_runs impl_1 -jobs 4
wait_on_run impl_1
launch_runs impl_1 -to_step write_bitstream -jobs 4
wait_on_run impl_1
open_run impl_1
close_design
create_hw_cfgmem -hw_device [lindex [get_hw_devices] 0] -mem_dev  [lindex [get_cfgmem_parts {n25q64-3.3v-spi-x1_x2_x4}] 0]
set_property PROGRAM.BLANK_CHECK  0 [ get_property PROGRAM.HW_CFGMEM [lindex [get_hw_devices] 0 ]]
set_property PROGRAM.ERASE  1 [ get_property PROGRAM.HW_CFGMEM [lindex [get_hw_devices] 0 ]]
set_property PROGRAM.CFG_PROGRAM  1 [ get_property PROGRAM.HW_CFGMEM [lindex [get_hw_devices] 0 ]]
set_property PROGRAM.VERIFY  1 [ get_property PROGRAM.HW_CFGMEM [lindex [get_hw_devices] 0 ]]
set_property PROGRAM.CHECKSUM  0 [ get_property PROGRAM.HW_CFGMEM [lindex [get_hw_devices] 0 ]]
refresh_hw_device [lindex [get_hw_devices xc7a35t_0] 0]
set_property PROGRAM.ADDRESS_RANGE  {use_file} [ get_property PROGRAM.HW_CFGMEM [lindex [get_hw_devices] 0 ]]
set_property PROGRAM.FILES [list "E:/Workspace/Vivado_16.4/2017_11_5_FFT/FFT.runs/impl_1/TOP.bin" ] [ get_property PROGRAM.HW_CFGMEM [lindex [get_hw_devices] 0]]
set_property PROGRAM.UNUSED_PIN_TERMINATION {pull-none} [ get_property PROGRAM.HW_CFGMEM [lindex [get_hw_devices] 0 ]]
set_property PROGRAM.BLANK_CHECK  0 [ get_property PROGRAM.HW_CFGMEM [lindex [get_hw_devices] 0 ]]
set_property PROGRAM.ERASE  1 [ get_property PROGRAM.HW_CFGMEM [lindex [get_hw_devices] 0 ]]
set_property PROGRAM.CFG_PROGRAM  1 [ get_property PROGRAM.HW_CFGMEM [lindex [get_hw_devices] 0 ]]
set_property PROGRAM.VERIFY  1 [ get_property PROGRAM.HW_CFGMEM [lindex [get_hw_devices] 0 ]]
set_property PROGRAM.CHECKSUM  0 [ get_property PROGRAM.HW_CFGMEM [lindex [get_hw_devices] 0 ]]
startgroup 
if {![string equal [get_property PROGRAM.HW_CFGMEM_TYPE  [lindex [get_hw_devices] 0]] [get_property MEM_TYPE [get_property CFGMEM_PART [get_property PROGRAM.HW_CFGMEM [lindex [get_hw_devices] 0 ]]]]] }  { create_hw_bitstream -hw_device [lindex [get_hw_devices] 0] [get_property PROGRAM.HW_CFGMEM_BITFILE [ lindex [get_hw_devices] 0]]; program_hw_devices [lindex [get_hw_devices] 0]; }; 
program_hw_cfgmem -hw_cfgmem [get_property PROGRAM.HW_CFGMEM [lindex [get_hw_devices] 0 ]]
endgroup
close_hw
